// Jest Snapshot v1, https://goo.gl/fbAQLP

exports[`View renders correctly when tweets are being fetched 1`] = `"[32mâ ‹[39m[39m [39m[39mLoading[39m"`

exports[`View renders correctly when tweets have been fetched 1`] = `
"No tweets found today.

[38;5;244mâ”€â”€â”€â”€â”€â”€â”€â”€â”€â”€â”€â”€â”€â”€â”€â”€â”€â”€â”€[39m
[38;5;244m Yesterday [39m
[38;5;244mâ”€â”€â”€â”€â”€â”€â”€â”€â”€â”€â”€â”€â”€â”€â”€â”€â”€â”€â”€[39m

[38;5;231m[48;5;96m[07:35][49m[39m Die BahnÃ¼bergangsstÃ¶rung ist behoben. Der Regelbetrieb wird wieder aufgenommen. #S3 #hvv #sbahnhh
[38;5;231m[48;5;71m[19:09][49m[39m #S1, #S3 wieder durch den Citytunnel. Polizeieinsatz beendet. #S1 #S3 #hvv #sbahnhh"
`

exports[`View renders correctly when tweets have not been fetched yet 1`] = `"No recent tweets found."`
